render
timer created
on_ready
message handler registered
navigating to http://127.0.0.1:64705/debug/
msg in: {"type":"invoke","id":1,"method":"backend.connect","params":{}}
ensure_client: connecting...
msg in: {"type":"invoke","id":2,"method":"backend.connect","params":{}}
msg in: {"type":"invoke","id":3,"method":"ringing.status","params":{}}
msg in: {"type":"invoke","id":4,"method":"desktop.checkUpdate","params":{}}
msg in: {"type":"invoke","id":5,"method":"backend.status","params":{}}
msg in: {"type":"invoke","id":6,"method":"backend.connect","params":{}}
msg in: {"type":"invoke","id":7,"method":"backend.status","params":{}}
msg in: {"type":"invoke","id":8,"method":"ringing.query","params":{"path":"session.activity","params":{}}}
msg in: {"type":"invoke","id":9,"method":"backend.connect","params":{}}
msg in: {"type":"invoke","id":10,"method":"backend.status","params":{}}
msg in: {"type":"invoke","id":11,"method":"ringing.query","params":{"path":"config.load","params":{}}}
msg in: {"type":"invoke","id":12,"method":"backend.connect","params":{}}
msg in: {"type":"invoke","id":13,"method":"backend.status","params":{}}
msg in: {"type":"invoke","id":14,"method":"ringing.query","params":{"path":"session.list","params":{}}}
msg in: {"type":"invoke","id":15,"method":"backend.attach","params":{"seed":"bec121c4"}}
msg in: {"type":"invoke","id":16,"method":"backend.connect","params":{}}
msg in: {"type":"invoke","id":17,"method":"backend.status","params":{}}
msg in: {"type":"invoke","id":18,"method":"ringing.command","params":{"seed":"bec121c4","channel":"control","envelope":{"command_id":"cmd-msg0nts1-gnrxsi07","command":{"type":"session_resume","seed":"bec121c4","channel":"control"},"seed":"bec121c4","expected_revision":null}}}
msg in: {"type":"invoke","id":19,"method":"ringing.status","params":{}}
msg in: {"type":"invoke","id":20,"method":"ringing.bootstrap","params":{"seed":"bec121c4"}}
msg in: {"type":"invoke","id":21,"method":"timeline.activate","params":{"seed":"bec121c4"}}
msg in: {"type":"invoke","id":22,"method":"backend.connect","params":{}}
msg in: {"type":"invoke","id":23,"method":"backend.status","params":{}}
msg in: {"type":"invoke","id":24,"method":"ringing.query","params":{"path":"workspace.get","params":{"seed":"bec121c4"}}}
render
render
render
render
render
render
render
render
render
render
render
render
render
render
render
render
render
render
render
render
render
render
render
render
render
render
render
render
render
render
render
render
render
render
render
render
render
